******************************************************************************
                  MSP430 Linker PC v4.1.2                      
******************************************************************************
>> Linked Tue Sep 22 19:21:27 2015

OUTPUT FILE NAME:   <TemperatureControl.out>
ENTRY POINT SYMBOL: "_c_int00"  address: 0000f9a2


MEMORY CONFIGURATION

         name            origin    length      used     unused   attr    fill
----------------------  --------  ---------  --------  --------  ----  --------
  SFR                   00000000   00000010  00000000  00000010  RWIX
  PERIPHERALS_8BIT      00000010   000000f0  00000000  000000f0  RWIX
  PERIPHERALS_16BIT     00000100   00000100  00000000  00000100  RWIX
  RAM                   00000200   00000080  0000003c  00000044  RWIX
  INFOD                 00001000   00000040  00000000  00000040  RWIX
  INFOC                 00001040   00000040  00000000  00000040  RWIX
  INFOB                 00001080   00000040  00000000  00000040  RWIX
  INFOA                 000010c0   00000040  00000000  00000040  RWIX
  FLASH                 0000f800   000007e0  00000298  00000548  RWIX
  INT00                 0000ffe0   00000002  00000000  00000002  RWIX
  INT01                 0000ffe2   00000002  00000000  00000002  RWIX
  INT02                 0000ffe4   00000002  00000002  00000000  RWIX
  INT03                 0000ffe6   00000002  00000000  00000002  RWIX
  INT04                 0000ffe8   00000002  00000000  00000002  RWIX
  INT05                 0000ffea   00000002  00000002  00000000  RWIX
  INT06                 0000ffec   00000002  00000000  00000002  RWIX
  INT07                 0000ffee   00000002  00000000  00000002  RWIX
  INT08                 0000fff0   00000002  00000002  00000000  RWIX
  INT09                 0000fff2   00000002  00000002  00000000  RWIX
  INT10                 0000fff4   00000002  00000002  00000000  RWIX
  INT11                 0000fff6   00000002  00000000  00000002  RWIX
  INT12                 0000fff8   00000002  00000000  00000002  RWIX
  INT13                 0000fffa   00000002  00000000  00000002  RWIX
  INT14                 0000fffc   00000002  00000000  00000002  RWIX
  RESET                 0000fffe   00000002  00000002  00000000  RWIX


SECTION ALLOCATION MAP

 output                                  attributes/
section   page    origin      length       input sections
--------  ----  ----------  ----------   ----------------
.init_array 
*          0    0000f800    00000000     UNINITIALIZED

.data      0    00000200    0000000a     
                  00000200    0000000a     main.obj (.data)

.TI.persistent 
*          0    00000200    00000000     UNINITIALIZED

.stack     0    0000024c    00000032     UNINITIALIZED
                  0000024c    00000002     rts430_eabi.lib : boot.obj (.stack)
                  0000024e    00000030     --HOLE--

.text      0    0000f800    00000286     
                  0000f800    00000068     main.obj (.text:main)
                  0000f868    0000005e     rts430_eabi.lib : copy_decompress_rle.obj (.text:__TI_decompress_rle_core)
                  0000f8c6    0000005e                     : autoinit.obj (.text:_auto_init)
                  0000f924    00000042     main.obj (.text:adcInitSingleOnce)
                  0000f966    00000020     main.obj (.text:adcReadN)
                  0000f986    0000001c     main.obj (.text:timerInitPWM)
                  0000f9a2    0000001a     rts430_eabi.lib : boot.obj (.text:_c_int00_noexit)
                  0000f9bc    0000001a     main.obj (.text:gpioInPin)
                  0000f9d6    00000016     main.obj (.text:adcRead)
                  0000f9ec    00000016     rts430_eabi.lib : div16u.obj (.text)
                  0000fa02    00000012                     : copy_decompress_none.obj (.text:decompress:none:__TI_decompress_none)
                  0000fa14    00000012                     : memcpy.obj (.text:memcpy)
                  0000fa26    00000012     main.obj (.text:timerSetDutyPWM)
                  0000fa38    00000010     rts430_eabi.lib : epilog.obj (.text)
                  0000fa48    0000000e     main.obj (.text:gpioOutPin)
                  0000fa56    00000008     main.obj (.text:adcIsBusy)
                  0000fa5e    00000008     main.obj (.text:timerSetPeriodPWM)
                  0000fa66    00000008     main.obj (.text:wdtStop)
                  0000fa6e    00000006     rts430_eabi.lib : copy_decompress_rle.obj (.text:decompress:rle24:__TI_decompress_rle24)
                  0000fa74    00000004                     : pre_init.obj (.text:_system_pre_init)
                  0000fa78    00000004                     : exit.obj (.text:abort)
                  0000fa7c    00000002     main.obj (.text:ADC10_ISR)
                  0000fa7e    00000002     main.obj (.text:Port_1)
                  0000fa80    00000002     main.obj (.text:Timer_A_0)
                  0000fa82    00000002     main.obj (.text:Timer_A_1)
                  0000fa84    00000002     main.obj (.text:WDT_ISR)

.cinit     0    0000fa86    00000012     
                  0000fa86    00000009     (.cinit..data.load) [load image, compression = rle]
                  0000fa8f    00000001     --HOLE-- [fill = 0]
                  0000fa90    00000004     (__TI_handler_table)
                  0000fa94    00000004     (__TI_cinit_table)

PORT1      0    0000ffe4    00000002     
                  0000ffe4    00000002     main.obj (.int02)

ADC10      0    0000ffea    00000002     
                  0000ffea    00000002     main.obj (.int05)

TIMERA1    0    0000fff0    00000002     
                  0000fff0    00000002     main.obj (.int08)

TIMERA0    0    0000fff2    00000002     
                  0000fff2    00000002     main.obj (.int09)

WDT        0    0000fff4    00000002     
                  0000fff4    00000002     main.obj (.int10)

.reset     0    0000fffe    00000002     
                  0000fffe    00000002     rts430_eabi.lib : boot.obj (.reset)


LINKER GENERATED COPY TABLES

__TI_cinit_table @ 0000fa94 records: 1, size/record: 4, table size: 4
	.data: load addr=0000fa86, load size=00000009 bytes, run addr=00000200, run size=0000000a bytes, compression=rle


LINKER GENERATED HANDLER TABLE

__TI_handler_table @ 0000fa90 records: 2, size/record: 2, table size: 4
	index: 0, handler: __TI_decompress_rle24
	index: 1, handler: __TI_decompress_none


GLOBAL SYMBOLS: SORTED ALPHABETICALLY BY Name 

address    name
--------   ----
0000004a   ADC10AE0
000001b0   ADC10CTL0
000001b2   ADC10CTL1
00000048   ADC10DTC0
00000049   ADC10DTC1
000001b4   ADC10MEM
000001bc   ADC10SA
0000fa7c   ADC10_ISR
00000057   BCSCTL1
00000058   BCSCTL2
00000053   BCSCTL3
0000fa78   C$$EXIT
000010ff   CALBC1_1MHZ
000010fe   CALDCO_1MHZ
00000056   DCOCTL
00000128   FCTL1
0000012a   FCTL2
0000012c   FCTL3
00000000   IE1
00000002   IFG1
00000022   P1DIR
00000025   P1IE
00000024   P1IES
00000023   P1IFG
00000020   P1IN
00000021   P1OUT
00000027   P1REN
00000026   P1SEL
0000002a   P2DIR
0000002d   P2IE
0000002c   P2IES
0000002b   P2IFG
00000028   P2IN
00000029   P2OUT
0000002f   P2REN
0000002e   P2SEL
0000fa7e   Port_1
00000172   TACCR0
00000174   TACCR1
00000162   TACCTL0
00000164   TACCTL1
00000160   TACTL
0000012e   TAIV
00000170   TAR
0000fa80   Timer_A_0
0000fa82   Timer_A_1
0000007a   USICCTL
0000007a   USICKCTL
0000007b   USICNT
00000078   USICTL
00000078   USICTL0
00000079   USICTL1
0000007c   USISR
0000007d   USISRH
0000007c   USISRL
00000120   WDTCTL
0000fa84   WDT_ISR
0000027e   __STACK_END
00000032   __STACK_SIZE
0000fa94   __TI_CINIT_Base
0000fa98   __TI_CINIT_Limit
0000fa90   __TI_Handler_Table_Base
0000fa94   __TI_Handler_Table_Limit
UNDEFED    __TI_INITARRAY_Base
UNDEFED    __TI_INITARRAY_Limit
00000001   __TI_args_main
0000fa02   __TI_decompress_none
0000fa6e   __TI_decompress_rle24
00000001   __TI_exit
ffffffff   __binit__
ffffffff   __c_args__
0000f9ec   __mspabi_divu
0000fa44   __mspabi_func_epilog_1
0000fa42   __mspabi_func_epilog_2
0000fa40   __mspabi_func_epilog_3
0000fa3e   __mspabi_func_epilog_4
0000fa3c   __mspabi_func_epilog_5
0000fa3a   __mspabi_func_epilog_6
0000fa38   __mspabi_func_epilog_7
0000f9ec   __mspabi_remu
0000f8c6   _auto_init
0000f9a2   _c_int00
0000f9a2   _c_int00_noexit
0000fffe   _reset_vector
0000024c   _stack
0000fa74   _system_pre_init
0000fa78   abort
0000f924   adcInitSingleOnce
0000fa56   adcIsBusy
0000f9d6   adcRead
0000f966   adcReadN
ffffffff   binit
0000f9bc   gpioInPin
0000fa48   gpioOutPin
0000f800   main
0000fa14   memcpy
0000f986   timerInitPWM
0000fa26   timerSetDutyPWM
0000fa5e   timerSetPeriodPWM
00000204   ucKoefU
00000200   ucStart
00000202   uiAdcVL
00000206   uiDuty
00000208   uiZero
0000fa66   wdtStop


GLOBAL SYMBOLS: SORTED BY Symbol Address 

address    name
--------   ----
00000000   IE1
00000001   __TI_args_main
00000001   __TI_exit
00000002   IFG1
00000020   P1IN
00000021   P1OUT
00000022   P1DIR
00000023   P1IFG
00000024   P1IES
00000025   P1IE
00000026   P1SEL
00000027   P1REN
00000028   P2IN
00000029   P2OUT
0000002a   P2DIR
0000002b   P2IFG
0000002c   P2IES
0000002d   P2IE
0000002e   P2SEL
0000002f   P2REN
00000032   __STACK_SIZE
00000048   ADC10DTC0
00000049   ADC10DTC1
0000004a   ADC10AE0
00000053   BCSCTL3
00000056   DCOCTL
00000057   BCSCTL1
00000058   BCSCTL2
00000078   USICTL
00000078   USICTL0
00000079   USICTL1
0000007a   USICCTL
0000007a   USICKCTL
0000007b   USICNT
0000007c   USISR
0000007c   USISRL
0000007d   USISRH
00000120   WDTCTL
00000128   FCTL1
0000012a   FCTL2
0000012c   FCTL3
0000012e   TAIV
00000160   TACTL
00000162   TACCTL0
00000164   TACCTL1
00000170   TAR
00000172   TACCR0
00000174   TACCR1
000001b0   ADC10CTL0
000001b2   ADC10CTL1
000001b4   ADC10MEM
000001bc   ADC10SA
00000200   ucStart
00000202   uiAdcVL
00000204   ucKoefU
00000206   uiDuty
00000208   uiZero
0000024c   _stack
0000027e   __STACK_END
000010fe   CALDCO_1MHZ
000010ff   CALBC1_1MHZ
0000f800   main
0000f8c6   _auto_init
0000f924   adcInitSingleOnce
0000f966   adcReadN
0000f986   timerInitPWM
0000f9a2   _c_int00
0000f9a2   _c_int00_noexit
0000f9bc   gpioInPin
0000f9d6   adcRead
0000f9ec   __mspabi_divu
0000f9ec   __mspabi_remu
0000fa02   __TI_decompress_none
0000fa14   memcpy
0000fa26   timerSetDutyPWM
0000fa38   __mspabi_func_epilog_7
0000fa3a   __mspabi_func_epilog_6
0000fa3c   __mspabi_func_epilog_5
0000fa3e   __mspabi_func_epilog_4
0000fa40   __mspabi_func_epilog_3
0000fa42   __mspabi_func_epilog_2
0000fa44   __mspabi_func_epilog_1
0000fa48   gpioOutPin
0000fa56   adcIsBusy
0000fa5e   timerSetPeriodPWM
0000fa66   wdtStop
0000fa6e   __TI_decompress_rle24
0000fa74   _system_pre_init
0000fa78   C$$EXIT
0000fa78   abort
0000fa7c   ADC10_ISR
0000fa7e   Port_1
0000fa80   Timer_A_0
0000fa82   Timer_A_1
0000fa84   WDT_ISR
0000fa90   __TI_Handler_Table_Base
0000fa94   __TI_CINIT_Base
0000fa94   __TI_Handler_Table_Limit
0000fa98   __TI_CINIT_Limit
0000fffe   _reset_vector
ffffffff   __binit__
ffffffff   __c_args__
ffffffff   binit
UNDEFED    __TI_INITARRAY_Base
UNDEFED    __TI_INITARRAY_Limit

[105 symbols]
